(node:99188) Warning: The 'NO_COLOR' env is ignored due to the 'FORCE_COLOR' env being set.
(Use `pnpm --trace-warnings ...` to show where the warning was created)
(node:99189) Warning: The 'NO_COLOR' env is ignored due to the 'FORCE_COLOR' env being set.
(Use `node --trace-warnings ...` to show where the warning was created)
(node:99195) Warning: The 'NO_COLOR' env is ignored due to the 'FORCE_COLOR' env being set.
(Use `node --trace-warnings ...` to show where the warning was created)
(node:99195) Warning: The 'NO_COLOR' env is ignored due to the 'FORCE_COLOR' env being set.
(Use `node --trace-warnings ...` to show where the warning was created)
Missing optional extension, "KHR_materials_clearcoat".
Missing optional extension, "KHR_materials_specular".
{
  "galleryPath": "/Users/patrick/.grok/worktrees/src-openclinxr/issue-345/.openclinxr/evidence/glb-grade-capture/2026-08-12T15-25-13Z/gallery.json",
  "runDir": "/Users/patrick/.grok/worktrees/src-openclinxr/issue-345/.openclinxr/evidence/glb-grade-capture/2026-08-12T15-25-13Z",
  "total": 2,
  "agreed": 2,
  "refused": 0,
  "missingOnDisk": [],
  "assets": [
    {
      "path": "apps/ui-xr/public/xr-assets/environment/ed-exam-bay-shell.glb",
      "agrees": true,
      "relativeError": 0.00005510813748884669,
      "refusedReason": null,
      "imageCount": 4
    },
    {
      "path": "apps/ui-xr/public/xr-assets/environment/infinigen-ed-exam-bay.glb",
      "agrees": true,
      "relativeError": 3.5987708791466974e-8,
      "refusedReason": null,
      "imageCount": 4
    }
  ]
}
